
Memory Configuration

Name             Origin             Length             Attributes
*default*        0x0000000000000000 0xffffffffffffffff

Linker script and memory map

LOAD nasmfunc.obj
LOAD bootpack.obj
LOAD console.obj
LOAD dsctbl.obj
LOAD fifo.obj
LOAD file.obj
LOAD graphic.obj
LOAD hankaku.obj
LOAD int.obj
LOAD keyboard.obj
LOAD memory.obj
LOAD mouse.obj
LOAD mtask.obj
LOAD mystdio.obj
LOAD mystring.obj
LOAD sheet.obj
LOAD timer.obj
LOAD window.obj

.head           0x0000000000000000       0x24
                0x0000000000000000        0x4 LONG 0x10000
                0x0000000000000004        0x4 LONG 0x69726148
                0x0000000000000008        0x4 LONG 0x0
                0x000000000000000c        0x4 LONG 0x310000
                0x0000000000000010        0x4 LONG 0x3ae0 SIZEOF (.data)
                0x0000000000000014        0x4 LONG 0x4aab LOADADDR (.data)
                0x0000000000000018        0x4 LONG 0xe9000000
                0x000000000000001c        0x4 LONG 0x151 (HariMain - 0x20)
                0x0000000000000020        0x4 LONG 0x0

.text           0x0000000000000030     0x4a7b
 *(.text)
 .text          0x0000000000000030      0x141 nasmfunc.obj
                0x0000000000000030                io_hlt
                0x0000000000000032                io_cli
                0x0000000000000034                io_sti
                0x0000000000000036                io_stihlt
                0x0000000000000039                io_in8
                0x0000000000000044                io_in16
                0x0000000000000050                io_in32
                0x0000000000000056                io_out8
                0x0000000000000060                io_out16
                0x000000000000006c                io_out32
                0x0000000000000076                io_load_eflags
                0x0000000000000079                io_store_eflags
                0x0000000000000080                load_gdtr
                0x0000000000000090                load_idtr
                0x00000000000000a0                load_cr0
                0x00000000000000a4                store_cr0
                0x00000000000000ac                load_tr
                0x00000000000000b2                asm_inthandler20
                0x00000000000000c9                asm_inthandler21
                0x00000000000000e0                asm_inthandler27
                0x00000000000000f7                asm_inthandler2c
                0x000000000000010e                memtest_sub
                0x0000000000000150                farjmp
                0x0000000000000155                farcall
                0x000000000000015a                asm_cons_putchar
 .text          0x0000000000000171      0xb1d bootpack.obj
                0x0000000000000171                HariMain
 .text          0x0000000000000c8e      0xb5c console.obj
                0x0000000000000c8e                console_task
                0x000000000000100e                cons_putchar
                0x0000000000001115                cons_newline
                0x000000000000121a                cons_runcmd
                0x000000000000134a                cmd_mem
                0x000000000000140f                cmd_cls
                0x000000000000148d                cmd_dir
                0x00000000000015c1                cmd_type
                0x00000000000016d3                cmd_hlt
 .text          0x00000000000017ea      0x20d dsctbl.obj
                0x00000000000017ea                init_gdtidt
                0x0000000000001941                set_segmdesc
                0x00000000000019b8                set_gatedesc
 .text          0x00000000000019f7      0x17c fifo.obj
                0x00000000000019f7                fifo32_init
                0x0000000000001a3e                fifo32_put
                0x0000000000001aed                fifo32_get
                0x0000000000001b5e                fifo32_status
 .text          0x0000000000001b73      0x2ad file.obj
                0x0000000000001b73                file_readfat
                0x0000000000001c25                file_loadfile
                0x0000000000001ccb                file_search
 .text          0x0000000000001e20      0x5d4 graphic.obj
                0x0000000000001e20                init_palette
                0x0000000000001e3f                set_palette
                0x0000000000001eff                boxfill8
                0x0000000000001f50                init_screen
                0x000000000000216d                putfont8
                0x0000000000002268                putfonts8_asc
                0x00000000000022b6                init_mouse_cursor8
                0x0000000000002388                putblock8_8
 .text          0x00000000000023f4        0x0 hankaku.obj
 .text          0x00000000000023f4       0xf7 int.obj
                0x00000000000023f4                init_pic
                0x00000000000024d1                inthandler27
 .text          0x00000000000024eb       0xac keyboard.obj
                0x00000000000024eb                inthandler21
                0x0000000000002532                wait_KBC_sendready
                0x0000000000002554                init_keyboard
 .text          0x0000000000002597      0x4b3 memory.obj
                0x0000000000002597                memtest
                0x0000000000002650                memman_init
                0x000000000000267d                memman_total
                0x00000000000026b7                memman_alloc
                0x000000000000279e                memman_free
                0x00000000000029eb                memman_alloc_4k
                0x0000000000002a19                memman_free_4k
 .text          0x0000000000002a4a      0x1ea mouse.obj
                0x0000000000002a4a                inthandler2c
                0x0000000000002aa3                enable_mouse
                0x0000000000002af3                mouse_decode
 .text          0x0000000000002c34      0x704 mtask.obj
                0x0000000000002c34                task_now
                0x0000000000002c7a                task_add
                0x0000000000002cd9                task_remove
                0x0000000000002daa                task_switchsub
                0x0000000000002e0b                task_idle
                0x0000000000002e18                task_init
                0x000000000000305e                task_alloc
                0x0000000000003181                task_run
                0x00000000000031f0                task_sleep
                0x0000000000003242                task_switch
 .text          0x0000000000003338      0x3d3 mystdio.obj
                0x0000000000003338                dec2asc
                0x0000000000003453                hex2asc
                0x00000000000035d7                mysprintf
 .text          0x000000000000370b      0x1b4 mystring.obj
                0x000000000000370b                mystrcmp
                0x00000000000037e9                mystrncmp
 .text          0x00000000000038bf      0xa45 sheet.obj
                0x00000000000038bf                shtctl_init
                0x00000000000039a3                sheet_alloc
                0x0000000000003a1b                sheet_setbuf
                0x0000000000003a44                sheet_refreshmap
                0x0000000000003c09                sheet_refreshsub
                0x0000000000003dea                sheet_updown
                0x0000000000004157                sheet_refresh
                0x00000000000041c8                sheet_slide
                0x00000000000042db                sheet_free
 .text          0x0000000000004304      0x2ae timer.obj
                0x0000000000004304                init_pit
                0x00000000000043ad                timer_alloc
                0x0000000000004418                timer_free
                0x0000000000004428                timer_init
                0x0000000000004442                timer_settime
                0x00000000000044fc                inthandler20
 .text          0x00000000000045b2      0x4f9 window.obj
                0x00000000000045b2                make_window8
                0x000000000000471e                make_wtitle8
                0x000000000000480d                putfonts8_asc_sht
                0x00000000000048ac                make_textbox8

.data           0x0000000000310000     0x3ae0 load address 0x0000000000004aab
 *(.data)
 .data          0x0000000000310000      0x100 bootpack.obj
 .data          0x0000000000310100        0x0 console.obj
 .data          0x0000000000310100        0x0 dsctbl.obj
 .data          0x0000000000310100        0x0 fifo.obj
 .data          0x0000000000310100        0x0 file.obj
 .data          0x0000000000310100      0x140 graphic.obj
 .data          0x0000000000310240     0x1000 hankaku.obj
                0x0000000000310240                hankaku
 .data          0x0000000000311240        0x0 int.obj
 .data          0x0000000000311240        0x0 keyboard.obj
 .data          0x0000000000311240        0x0 memory.obj
 .data          0x0000000000311240        0x0 mouse.obj
 .data          0x0000000000311240        0x0 mtask.obj
 .data          0x0000000000311240        0x0 mystdio.obj
 .data          0x0000000000311240        0x0 mystring.obj
 .data          0x0000000000311240        0x0 sheet.obj
 .data          0x0000000000311240        0x0 timer.obj
 .data          0x0000000000311240       0xe0 window.obj
 *(.rodata*)
 .rodata        0x0000000000311320       0x11 bootpack.obj
 .rodata        0x0000000000311331       0x68 console.obj
 *(.bss)
 .bss           0x0000000000311399        0x0 bootpack.obj
 .bss           0x0000000000311399        0x0 console.obj
 .bss           0x0000000000311399        0x0 dsctbl.obj
 .bss           0x0000000000311399        0x0 fifo.obj
 .bss           0x0000000000311399        0x0 file.obj
 .bss           0x0000000000311399        0x0 graphic.obj
 .bss           0x0000000000311399        0x0 hankaku.obj
 .bss           0x0000000000311399        0x0 int.obj
 *fill*         0x0000000000311399        0x3 
 .bss           0x000000000031139c        0x8 keyboard.obj
                0x000000000031139c                keyfifo
                0x00000000003113a0                keydata0
 .bss           0x00000000003113a4        0x0 memory.obj
 .bss           0x00000000003113a4        0x8 mouse.obj
                0x00000000003113a4                mousefifo
                0x00000000003113a8                mousedata0
 .bss           0x00000000003113ac        0x8 mtask.obj
                0x00000000003113ac                taskctl
                0x00000000003113b0                task_timer
 .bss           0x00000000003113b4        0x0 mystdio.obj
 .bss           0x00000000003113b4        0x0 mystring.obj
 .bss           0x00000000003113b4        0x0 sheet.obj
 *fill*         0x00000000003113b4        0xc 
 .bss           0x00000000003113c0     0x2720 timer.obj
                0x00000000003113c0                timerctl
 .bss           0x0000000000313ae0        0x0 window.obj

/DISCARD/
 *(.eh_frame)
OUTPUT(bootpack.hrb binary)

.comment        0x0000000000000000      0x143
 .comment       0x0000000000000000       0x13 bootpack.obj
 .comment       0x0000000000000013       0x13 console.obj
 .comment       0x0000000000000026       0x13 dsctbl.obj
 .comment       0x0000000000000039       0x13 fifo.obj
 .comment       0x000000000000004c       0x13 file.obj
 .comment       0x000000000000005f       0x13 graphic.obj
 .comment       0x0000000000000072       0x13 hankaku.obj
 .comment       0x0000000000000085       0x13 int.obj
 .comment       0x0000000000000098       0x13 keyboard.obj
 .comment       0x00000000000000ab       0x13 memory.obj
 .comment       0x00000000000000be       0x13 mouse.obj
 .comment       0x00000000000000d1       0x13 mtask.obj
 .comment       0x00000000000000e4       0x13 mystdio.obj
 .comment       0x00000000000000f7       0x13 mystring.obj
 .comment       0x000000000000010a       0x13 sheet.obj
 .comment       0x000000000000011d       0x13 timer.obj
 .comment       0x0000000000000130       0x13 window.obj
