
Memory Configuration

Name             Origin             Length             Attributes
*default*        0x0000000000000000 0xffffffffffffffff

Linker script and memory map

LOAD nasmfunc.obj
LOAD bootpack.obj
LOAD console.obj
LOAD dsctbl.obj
LOAD fifo.obj
LOAD file.obj
LOAD graphic.obj
LOAD hankaku.obj
LOAD int.obj
LOAD keyboard.obj
LOAD memory.obj
LOAD mouse.obj
LOAD mtask.obj
LOAD mystdio.obj
LOAD mystring.obj
LOAD sheet.obj
LOAD timer.obj
LOAD window.obj

.head           0x0000000000000000       0x24
                0x0000000000000000        0x4 LONG 0x10000
                0x0000000000000004        0x4 LONG 0x69726148
                0x0000000000000008        0x4 LONG 0x0
                0x000000000000000c        0x4 LONG 0x310000
                0x0000000000000010        0x4 LONG 0x3ae0 SIZEOF (.data)
                0x0000000000000014        0x4 LONG 0x4b32 LOADADDR (.data)
                0x0000000000000018        0x4 LONG 0xe9000000
                0x000000000000001c        0x4 LONG 0x152 (HariMain - 0x20)
                0x0000000000000020        0x4 LONG 0x0

.text           0x0000000000000030     0x4b02
 *(.text)
 .text          0x0000000000000030      0x142 nasmfunc.obj
                0x0000000000000030                io_hlt
                0x0000000000000032                io_cli
                0x0000000000000034                io_sti
                0x0000000000000036                io_stihlt
                0x0000000000000039                io_in8
                0x0000000000000044                io_in16
                0x0000000000000050                io_in32
                0x0000000000000056                io_out8
                0x0000000000000060                io_out16
                0x000000000000006c                io_out32
                0x0000000000000076                io_load_eflags
                0x0000000000000079                io_store_eflags
                0x0000000000000080                load_gdtr
                0x0000000000000090                load_idtr
                0x00000000000000a0                load_cr0
                0x00000000000000a4                store_cr0
                0x00000000000000ac                load_tr
                0x00000000000000b2                asm_inthandler20
                0x00000000000000c9                asm_inthandler21
                0x00000000000000e0                asm_inthandler27
                0x00000000000000f7                asm_inthandler2c
                0x000000000000010e                memtest_sub
                0x0000000000000150                farjmp
                0x0000000000000155                farcall
                0x000000000000015a                asm_cons_putchar
 .text          0x0000000000000172      0xb1d bootpack.obj
                0x0000000000000172                HariMain
 .text          0x0000000000000c8f      0xbc4 console.obj
                0x0000000000000c8f                console_task
                0x000000000000100f                cons_putchar
                0x0000000000001116                cons_newline
                0x000000000000121b                cons_runcmd
                0x0000000000001339                cmd_mem
                0x00000000000013fe                cmd_cls
                0x000000000000147c                cmd_dir
                0x00000000000015b0                cmd_type
                0x00000000000016c2                cmd_app
 .text          0x0000000000001853      0x22b dsctbl.obj
                0x0000000000001853                init_gdtidt
                0x00000000000019c8                set_segmdesc
                0x0000000000001a3f                set_gatedesc
 .text          0x0000000000001a7e      0x17c fifo.obj
                0x0000000000001a7e                fifo32_init
                0x0000000000001ac5                fifo32_put
                0x0000000000001b74                fifo32_get
                0x0000000000001be5                fifo32_status
 .text          0x0000000000001bfa      0x2ad file.obj
                0x0000000000001bfa                file_readfat
                0x0000000000001cac                file_loadfile
                0x0000000000001d52                file_search
 .text          0x0000000000001ea7      0x5d4 graphic.obj
                0x0000000000001ea7                init_palette
                0x0000000000001ec6                set_palette
                0x0000000000001f86                boxfill8
                0x0000000000001fd7                init_screen
                0x00000000000021f4                putfont8
                0x00000000000022ef                putfonts8_asc
                0x000000000000233d                init_mouse_cursor8
                0x000000000000240f                putblock8_8
 .text          0x000000000000247b        0x0 hankaku.obj
 .text          0x000000000000247b       0xf7 int.obj
                0x000000000000247b                init_pic
                0x0000000000002558                inthandler27
 .text          0x0000000000002572       0xac keyboard.obj
                0x0000000000002572                inthandler21
                0x00000000000025b9                wait_KBC_sendready
                0x00000000000025db                init_keyboard
 .text          0x000000000000261e      0x4b3 memory.obj
                0x000000000000261e                memtest
                0x00000000000026d7                memman_init
                0x0000000000002704                memman_total
                0x000000000000273e                memman_alloc
                0x0000000000002825                memman_free
                0x0000000000002a72                memman_alloc_4k
                0x0000000000002aa0                memman_free_4k
 .text          0x0000000000002ad1      0x1ea mouse.obj
                0x0000000000002ad1                inthandler2c
                0x0000000000002b2a                enable_mouse
                0x0000000000002b7a                mouse_decode
 .text          0x0000000000002cbb      0x704 mtask.obj
                0x0000000000002cbb                task_now
                0x0000000000002d01                task_add
                0x0000000000002d60                task_remove
                0x0000000000002e31                task_switchsub
                0x0000000000002e92                task_idle
                0x0000000000002e9f                task_init
                0x00000000000030e5                task_alloc
                0x0000000000003208                task_run
                0x0000000000003277                task_sleep
                0x00000000000032c9                task_switch
 .text          0x00000000000033bf      0x3d3 mystdio.obj
                0x00000000000033bf                dec2asc
                0x00000000000034da                hex2asc
                0x000000000000365e                mysprintf
 .text          0x0000000000003792      0x1b4 mystring.obj
                0x0000000000003792                mystrcmp
                0x0000000000003870                mystrncmp
 .text          0x0000000000003946      0xa45 sheet.obj
                0x0000000000003946                shtctl_init
                0x0000000000003a2a                sheet_alloc
                0x0000000000003aa2                sheet_setbuf
                0x0000000000003acb                sheet_refreshmap
                0x0000000000003c90                sheet_refreshsub
                0x0000000000003e71                sheet_updown
                0x00000000000041de                sheet_refresh
                0x000000000000424f                sheet_slide
                0x0000000000004362                sheet_free
 .text          0x000000000000438b      0x2ae timer.obj
                0x000000000000438b                init_pit
                0x0000000000004434                timer_alloc
                0x000000000000449f                timer_free
                0x00000000000044af                timer_init
                0x00000000000044c9                timer_settime
                0x0000000000004583                inthandler20
 .text          0x0000000000004639      0x4f9 window.obj
                0x0000000000004639                make_window8
                0x00000000000047a5                make_wtitle8
                0x0000000000004894                putfonts8_asc_sht
                0x0000000000004933                make_textbox8

.data           0x0000000000310000     0x3ae0 load address 0x0000000000004b32
 *(.data)
 .data          0x0000000000310000      0x100 bootpack.obj
 .data          0x0000000000310100        0x0 console.obj
 .data          0x0000000000310100        0x0 dsctbl.obj
 .data          0x0000000000310100        0x0 fifo.obj
 .data          0x0000000000310100        0x0 file.obj
 .data          0x0000000000310100      0x140 graphic.obj
 .data          0x0000000000310240     0x1000 hankaku.obj
                0x0000000000310240                hankaku
 .data          0x0000000000311240        0x0 int.obj
 .data          0x0000000000311240        0x0 keyboard.obj
 .data          0x0000000000311240        0x0 memory.obj
 .data          0x0000000000311240        0x0 mouse.obj
 .data          0x0000000000311240        0x0 mtask.obj
 .data          0x0000000000311240        0x0 mystdio.obj
 .data          0x0000000000311240        0x0 mystring.obj
 .data          0x0000000000311240        0x0 sheet.obj
 .data          0x0000000000311240        0x0 timer.obj
 .data          0x0000000000311240       0xe0 window.obj
 *(.rodata*)
 .rodata        0x0000000000311320       0x11 bootpack.obj
 .rodata        0x0000000000311331       0x5c console.obj
 *(.bss)
 .bss           0x000000000031138d        0x0 bootpack.obj
 .bss           0x000000000031138d        0x0 console.obj
 .bss           0x000000000031138d        0x0 dsctbl.obj
 .bss           0x000000000031138d        0x0 fifo.obj
 .bss           0x000000000031138d        0x0 file.obj
 .bss           0x000000000031138d        0x0 graphic.obj
 .bss           0x000000000031138d        0x0 hankaku.obj
 .bss           0x000000000031138d        0x0 int.obj
 *fill*         0x000000000031138d        0x3 
 .bss           0x0000000000311390        0x8 keyboard.obj
                0x0000000000311390                keyfifo
                0x0000000000311394                keydata0
 .bss           0x0000000000311398        0x0 memory.obj
 .bss           0x0000000000311398        0x8 mouse.obj
                0x0000000000311398                mousefifo
                0x000000000031139c                mousedata0
 .bss           0x00000000003113a0        0x8 mtask.obj
                0x00000000003113a0                taskctl
                0x00000000003113a4                task_timer
 .bss           0x00000000003113a8        0x0 mystdio.obj
 .bss           0x00000000003113a8        0x0 mystring.obj
 .bss           0x00000000003113a8        0x0 sheet.obj
 *fill*         0x00000000003113a8       0x18 
 .bss           0x00000000003113c0     0x2720 timer.obj
                0x00000000003113c0                timerctl
 .bss           0x0000000000313ae0        0x0 window.obj

/DISCARD/
 *(.eh_frame)
OUTPUT(bootpack.hrb binary)

.comment        0x0000000000000000      0x143
 .comment       0x0000000000000000       0x13 bootpack.obj
 .comment       0x0000000000000013       0x13 console.obj
 .comment       0x0000000000000026       0x13 dsctbl.obj
 .comment       0x0000000000000039       0x13 fifo.obj
 .comment       0x000000000000004c       0x13 file.obj
 .comment       0x000000000000005f       0x13 graphic.obj
 .comment       0x0000000000000072       0x13 hankaku.obj
 .comment       0x0000000000000085       0x13 int.obj
 .comment       0x0000000000000098       0x13 keyboard.obj
 .comment       0x00000000000000ab       0x13 memory.obj
 .comment       0x00000000000000be       0x13 mouse.obj
 .comment       0x00000000000000d1       0x13 mtask.obj
 .comment       0x00000000000000e4       0x13 mystdio.obj
 .comment       0x00000000000000f7       0x13 mystring.obj
 .comment       0x000000000000010a       0x13 sheet.obj
 .comment       0x000000000000011d       0x13 timer.obj
 .comment       0x0000000000000130       0x13 window.obj
