
Memory Configuration

Name             Origin             Length             Attributes
*default*        0x0000000000000000 0xffffffffffffffff

Linker script and memory map

LOAD bootpack.obj
LOAD nasmfunc.obj
LOAD hankaku.obj
LOAD graphic.obj
LOAD dsctbl.obj
LOAD int.obj
LOAD fifo.obj
LOAD keyboard.obj
LOAD mouse.obj
LOAD memory.obj
LOAD sheet.obj
LOAD timer.obj
LOAD mtask.obj
LOAD window.obj
LOAD console.obj
LOAD file.obj
LOAD ../mylib/mystdio.obj
LOAD ../mylib/mystring.obj

.head           0x0000000000000000       0x24
                0x0000000000000000        0x4 LONG 0x10000
                0x0000000000000004        0x4 LONG 0x69726148
                0x0000000000000008        0x4 LONG 0x0
                0x000000000000000c        0x4 LONG 0x310000
                0x0000000000000010        0x4 LONG 0x3b88 SIZEOF (.data)
                0x0000000000000014        0x4 LONG 0x6f5d LOADADDR (.data)
                0x0000000000000018        0x4 LONG 0xe9000000
                0x000000000000001c        0x4 LONG 0x10 (HariMain - 0x20)
                0x0000000000000020        0x4 LONG 0x0

.text           0x0000000000000030     0x6f2d
 *(.text)
 .text          0x0000000000000030     0x1070 bootpack.obj
                0x0000000000000030                HariMain
                0x0000000000000db1                keywin_off
                0x0000000000000df1                keywin_on
                0x0000000000000e31                open_constask
                0x0000000000000f32                open_console
                0x0000000000000fef                close_constask
                0x0000000000001050                close_console
 .text          0x00000000000010a0      0x1c8 nasmfunc.obj
                0x00000000000010a0                io_hlt
                0x00000000000010a2                io_cli
                0x00000000000010a4                io_sti
                0x00000000000010a6                io_stihlt
                0x00000000000010a9                io_in8
                0x00000000000010b4                io_in16
                0x00000000000010c0                io_in32
                0x00000000000010c6                io_out8
                0x00000000000010d0                io_out16
                0x00000000000010dc                io_out32
                0x00000000000010e6                io_load_eflags
                0x00000000000010e9                io_store_eflags
                0x00000000000010f0                load_gdtr
                0x0000000000001100                load_idtr
                0x0000000000001110                load_cr0
                0x0000000000001114                store_cr0
                0x000000000000111c                load_tr
                0x0000000000001122                asm_inthandler0c
                0x0000000000001146                asm_inthandler0d
                0x000000000000116a                asm_inthandler20
                0x0000000000001181                asm_inthandler21
                0x0000000000001198                asm_inthandler27
                0x00000000000011af                asm_inthandler2c
                0x00000000000011c6                memtest_sub
                0x0000000000001208                farjmp
                0x000000000000120d                farcall
                0x0000000000001212                asm_hrb_api
                0x000000000000122f                asm_end_app
                0x000000000000123a                start_app
 .text          0x0000000000001268        0x0 hankaku.obj
 .text          0x0000000000001268      0xa73 graphic.obj
                0x0000000000001268                init_palette
                0x00000000000013d1                set_palette
                0x0000000000001491                boxfill8
                0x00000000000014e2                init_screen
                0x00000000000016ff                putfont8
                0x0000000000001817                putfonts8_asc
                0x0000000000001b9d                init_mouse_cursor8
                0x0000000000001c6f                putblock8_8
 .text          0x0000000000001cdb      0x263 dsctbl.obj
                0x0000000000001cdb                init_gdtidt
                0x0000000000001e88                set_segmdesc
                0x0000000000001eff                set_gatedesc
 .text          0x0000000000001f3e       0xf7 int.obj
                0x0000000000001f3e                init_pic
                0x000000000000201b                inthandler27
 .text          0x0000000000002035      0x17c fifo.obj
                0x0000000000002035                fifo32_init
                0x000000000000207c                fifo32_put
                0x000000000000212b                fifo32_get
                0x000000000000219c                fifo32_status
 .text          0x00000000000021b1       0xac keyboard.obj
                0x00000000000021b1                inthandler21
                0x00000000000021f8                wait_KBC_sendready
                0x000000000000221a                init_keyboard
 .text          0x000000000000225d      0x1ea mouse.obj
                0x000000000000225d                inthandler2c
                0x00000000000022b6                enable_mouse
                0x0000000000002306                mouse_decode
 .text          0x0000000000002447      0x4b3 memory.obj
                0x0000000000002447                memtest
                0x0000000000002500                memman_init
                0x000000000000252d                memman_total
                0x0000000000002567                memman_alloc
                0x000000000000264e                memman_free
                0x000000000000289b                memman_alloc_4k
                0x00000000000028c9                memman_free_4k
 .text          0x00000000000028fa      0xf70 sheet.obj
                0x00000000000028fa                shtctl_init
                0x00000000000029de                sheet_alloc
                0x0000000000002a60                sheet_setbuf
                0x0000000000002a89                sheet_refreshmap
                0x0000000000002dad                sheet_refreshsub
                0x0000000000003350                sheet_updown
                0x00000000000036bd                sheet_refresh
                0x000000000000372e                sheet_slide
                0x0000000000003841                sheet_free
 .text          0x000000000000386a      0x3d5 timer.obj
                0x000000000000386a                init_pit
                0x000000000000390d                timer_alloc
                0x000000000000398a                timer_free
                0x0000000000003997                timer_init
                0x00000000000039af                timer_settime
                0x0000000000003a66                inthandler20
                0x0000000000003b13                timer_cancel
                0x0000000000003bb1                timer_cancelall
 .text          0x0000000000003c3f      0x750 mtask.obj
                0x0000000000003c3f                task_now
                0x0000000000003c85                task_add
                0x0000000000003ce4                task_remove
                0x0000000000003db5                task_switchsub
                0x0000000000003e16                task_idle
                0x0000000000003e23                task_init
                0x00000000000040c4                task_alloc
                0x00000000000041d8                task_run
                0x0000000000004247                task_sleep
                0x0000000000004299                task_switch
 .text          0x000000000000438f      0x66a window.obj
                0x000000000000438f                make_window8
                0x00000000000044fb                make_wtitle8
                0x00000000000045f2                putfonts8_asc_sht
                0x0000000000004712                make_textbox8
                0x0000000000004912                change_wtitle8
 .text          0x00000000000049f9     0x1d1b console.obj
                0x00000000000049f9                console_task
                0x0000000000004dfc                cons_putchar
                0x0000000000004f1f                cons_newline
                0x0000000000005060                cons_putstr
                0x0000000000005094                cons_putnstr
                0x00000000000050d3                cons_runcmd
                0x000000000000526b                cmd_mem
                0x00000000000052bb                cmd_cls
                0x0000000000005339                cmd_dir
                0x000000000000544f                cmd_exit
                0x000000000000556b                cmd_start
                0x0000000000005626                cmd_ncst
                0x00000000000056ac                cmd_langmode
                0x0000000000005702                cmd_app
                0x0000000000005ac5                hrb_api
                0x0000000000006522                inthandler0c
                0x0000000000006588                inthandler0d
                0x00000000000065ee                hrb_api_linewin
 .text          0x0000000000006714      0x2ad file.obj
                0x0000000000006714                file_readfat
                0x00000000000067c6                file_loadfile
                0x000000000000686c                file_search
 .text          0x00000000000069c1      0x3c1 ../mylib/mystdio.obj
                0x00000000000069c1                dec2asc
                0x0000000000006ada                hex2asc
                0x0000000000006c4a                mysprintf
 .text          0x0000000000006d82      0x1db ../mylib/mystring.obj
                0x0000000000006d82                mystrcmp
                0x0000000000006e60                mystrncmp
                0x0000000000006f36                mystrlen

.data           0x0000000000310000     0x3b88 load address 0x0000000000006f5d
 *(.data)
 .data          0x0000000000310000      0x100 bootpack.obj
 .data          0x0000000000310100     0x1000 hankaku.obj
                0x0000000000310100                hankaku
 .data          0x0000000000311100      0x140 graphic.obj
 .data          0x0000000000311240        0x0 dsctbl.obj
 .data          0x0000000000311240        0x0 int.obj
 .data          0x0000000000311240        0x0 fifo.obj
 .data          0x0000000000311240        0x0 keyboard.obj
 .data          0x0000000000311240        0x0 mouse.obj
 .data          0x0000000000311240        0x0 memory.obj
 .data          0x0000000000311240        0x0 sheet.obj
 .data          0x0000000000311240        0x0 timer.obj
 .data          0x0000000000311240        0x0 mtask.obj
 .data          0x0000000000311240       0xe0 window.obj
 .data          0x0000000000311320        0x0 console.obj
 .data          0x0000000000311320        0x0 file.obj
 .data          0x0000000000311320        0x0 ../mylib/mystdio.obj
 .data          0x0000000000311320        0x0 ../mylib/mystring.obj
 *(.rodata*)
 .rodata        0x0000000000311320       0x34 bootpack.obj
 .rodata        0x0000000000311354       0xed console.obj
 *(.bss)
 .bss           0x0000000000311441        0x0 bootpack.obj
 .bss           0x0000000000311441        0x0 hankaku.obj
 .bss           0x0000000000311441        0x0 graphic.obj
 .bss           0x0000000000311441        0x0 dsctbl.obj
 .bss           0x0000000000311441        0x0 int.obj
 .bss           0x0000000000311441        0x0 fifo.obj
 *fill*         0x0000000000311441        0x3 
 .bss           0x0000000000311444        0x8 keyboard.obj
                0x0000000000311444                keyfifo
                0x0000000000311448                keydata0
 .bss           0x000000000031144c        0x8 mouse.obj
                0x000000000031144c                mousefifo
                0x0000000000311450                mousedata0
 .bss           0x0000000000311454        0x0 memory.obj
 .bss           0x0000000000311454        0x0 sheet.obj
 *fill*         0x0000000000311454        0xc 
 .bss           0x0000000000311460     0x2720 timer.obj
                0x0000000000311460                timerctl
 .bss           0x0000000000313b80        0x8 mtask.obj
                0x0000000000313b80                taskctl
                0x0000000000313b84                task_timer
 .bss           0x0000000000313b88        0x0 window.obj
 .bss           0x0000000000313b88        0x0 console.obj
 .bss           0x0000000000313b88        0x0 file.obj
 .bss           0x0000000000313b88        0x0 ../mylib/mystdio.obj
 .bss           0x0000000000313b88        0x0 ../mylib/mystring.obj

/DISCARD/
 *(.eh_frame)
OUTPUT(bootpack.hrb binary)

.comment        0x0000000000000000      0x143
 .comment       0x0000000000000000       0x13 bootpack.obj
 .comment       0x0000000000000013       0x13 hankaku.obj
 .comment       0x0000000000000026       0x13 graphic.obj
 .comment       0x0000000000000039       0x13 dsctbl.obj
 .comment       0x000000000000004c       0x13 int.obj
 .comment       0x000000000000005f       0x13 fifo.obj
 .comment       0x0000000000000072       0x13 keyboard.obj
 .comment       0x0000000000000085       0x13 mouse.obj
 .comment       0x0000000000000098       0x13 memory.obj
 .comment       0x00000000000000ab       0x13 sheet.obj
 .comment       0x00000000000000be       0x13 timer.obj
 .comment       0x00000000000000d1       0x13 mtask.obj
 .comment       0x00000000000000e4       0x13 window.obj
 .comment       0x00000000000000f7       0x13 console.obj
 .comment       0x000000000000010a       0x13 file.obj
 .comment       0x000000000000011d       0x13 ../mylib/mystdio.obj
 .comment       0x0000000000000130       0x13 ../mylib/mystring.obj
