
Memory Configuration

Name             Origin             Length             Attributes
*default*        0x0000000000000000 0xffffffffffffffff

Linker script and memory map

LOAD bootpack.obj
LOAD nasmfunc.obj
LOAD hankaku.obj
LOAD graphic.obj
LOAD dsctbl.obj
LOAD int.obj
LOAD fifo.obj
LOAD keyboard.obj
LOAD mouse.obj
LOAD memory.obj
LOAD sheet.obj
LOAD timer.obj
LOAD mtask.obj
LOAD window.obj
LOAD console.obj
LOAD file.obj
LOAD ../mylib/mystdio.obj
LOAD ../mylib/mystring.obj

.head           0x0000000000000000       0x24
                0x0000000000000000        0x4 LONG 0x10000
                0x0000000000000004        0x4 LONG 0x69726148
                0x0000000000000008        0x4 LONG 0x0
                0x000000000000000c        0x4 LONG 0x310000
                0x0000000000000010        0x4 LONG 0x3b68 SIZEOF (.data)
                0x0000000000000014        0x4 LONG 0x65ee LOADADDR (.data)
                0x0000000000000018        0x4 LONG 0xe9000000
                0x000000000000001c        0x4 LONG 0x10 (HariMain - 0x20)
                0x0000000000000020        0x4 LONG 0x0

.text           0x0000000000000030     0x65be
 *(.text)
 .text          0x0000000000000030      0xf46 bootpack.obj
                0x0000000000000030                HariMain
                0x0000000000000c87                keywin_off
                0x0000000000000cc7                keywin_on
                0x0000000000000d07                open_constask
                0x0000000000000e08                open_console
                0x0000000000000ec5                close_constask
                0x0000000000000f26                close_console
 *fill*         0x0000000000000f76        0xa 
 .text          0x0000000000000f80      0x1c8 nasmfunc.obj
                0x0000000000000f80                io_hlt
                0x0000000000000f82                io_cli
                0x0000000000000f84                io_sti
                0x0000000000000f86                io_stihlt
                0x0000000000000f89                io_in8
                0x0000000000000f94                io_in16
                0x0000000000000fa0                io_in32
                0x0000000000000fa6                io_out8
                0x0000000000000fb0                io_out16
                0x0000000000000fbc                io_out32
                0x0000000000000fc6                io_load_eflags
                0x0000000000000fc9                io_store_eflags
                0x0000000000000fd0                load_gdtr
                0x0000000000000fe0                load_idtr
                0x0000000000000ff0                load_cr0
                0x0000000000000ff4                store_cr0
                0x0000000000000ffc                load_tr
                0x0000000000001002                asm_inthandler0c
                0x0000000000001026                asm_inthandler0d
                0x000000000000104a                asm_inthandler20
                0x0000000000001061                asm_inthandler21
                0x0000000000001078                asm_inthandler27
                0x000000000000108f                asm_inthandler2c
                0x00000000000010a6                memtest_sub
                0x00000000000010e8                farjmp
                0x00000000000010ed                farcall
                0x00000000000010f2                asm_hrb_api
                0x000000000000110f                asm_end_app
                0x000000000000111a                start_app
 .text          0x0000000000001148        0x0 hankaku.obj
 .text          0x0000000000001148      0x71e graphic.obj
                0x0000000000001148                init_palette
                0x00000000000012b1                set_palette
                0x0000000000001371                boxfill8
                0x00000000000013c2                init_screen
                0x00000000000015df                putfont8
                0x00000000000016da                putfonts8_asc
                0x0000000000001728                init_mouse_cursor8
                0x00000000000017fa                putblock8_8
 .text          0x0000000000001866      0x263 dsctbl.obj
                0x0000000000001866                init_gdtidt
                0x0000000000001a13                set_segmdesc
                0x0000000000001a8a                set_gatedesc
 .text          0x0000000000001ac9       0xf7 int.obj
                0x0000000000001ac9                init_pic
                0x0000000000001ba6                inthandler27
 .text          0x0000000000001bc0      0x17c fifo.obj
                0x0000000000001bc0                fifo32_init
                0x0000000000001c07                fifo32_put
                0x0000000000001cb6                fifo32_get
                0x0000000000001d27                fifo32_status
 .text          0x0000000000001d3c       0xac keyboard.obj
                0x0000000000001d3c                inthandler21
                0x0000000000001d83                wait_KBC_sendready
                0x0000000000001da5                init_keyboard
 .text          0x0000000000001de8      0x1ea mouse.obj
                0x0000000000001de8                inthandler2c
                0x0000000000001e41                enable_mouse
                0x0000000000001e91                mouse_decode
 .text          0x0000000000001fd2      0x4b3 memory.obj
                0x0000000000001fd2                memtest
                0x000000000000208b                memman_init
                0x00000000000020b8                memman_total
                0x00000000000020f2                memman_alloc
                0x00000000000021d9                memman_free
                0x0000000000002426                memman_alloc_4k
                0x0000000000002454                memman_free_4k
 .text          0x0000000000002485      0xf51 sheet.obj
                0x0000000000002485                shtctl_init
                0x0000000000002569                sheet_alloc
                0x00000000000025eb                sheet_setbuf
                0x0000000000002614                sheet_refreshmap
                0x0000000000002928                sheet_refreshsub
                0x0000000000002ebc                sheet_updown
                0x0000000000003229                sheet_refresh
                0x000000000000329a                sheet_slide
                0x00000000000033ad                sheet_free
 .text          0x00000000000033d6      0x3d5 timer.obj
                0x00000000000033d6                init_pit
                0x0000000000003479                timer_alloc
                0x00000000000034f6                timer_free
                0x0000000000003503                timer_init
                0x000000000000351b                timer_settime
                0x00000000000035d2                inthandler20
                0x000000000000367f                timer_cancel
                0x000000000000371d                timer_cancelall
 .text          0x00000000000037ab      0x773 mtask.obj
                0x00000000000037ab                task_now
                0x00000000000037f1                task_add
                0x0000000000003850                task_remove
                0x0000000000003921                task_switchsub
                0x0000000000003982                task_idle
                0x000000000000398f                task_init
                0x0000000000003c49                task_alloc
                0x0000000000003d67                task_run
                0x0000000000003dd6                task_sleep
                0x0000000000003e28                task_switch
 .text          0x0000000000003f1e      0x5e0 window.obj
                0x0000000000003f1e                make_window8
                0x000000000000408a                make_wtitle8
                0x0000000000004179                putfonts8_asc_sht
                0x0000000000004218                make_textbox8
                0x0000000000004417                change_wtitle8
 .text          0x00000000000044fe     0x18bc console.obj
                0x00000000000044fe                console_task
                0x000000000000485a                cons_putchar
                0x0000000000004977                cons_newline
                0x0000000000004a86                cons_putstr
                0x0000000000004ab8                cons_putnstr
                0x0000000000004af5                cons_runcmd
                0x0000000000004c99                cmd_mem
                0x0000000000004ce9                cmd_cls
                0x0000000000004d67                cmd_dir
                0x0000000000004e7b                cmd_type
                0x0000000000004f4a                cmd_exit
                0x000000000000506b                cmd_start
                0x0000000000005124                cmd_ncst
                0x00000000000051a8                cmd_app
                0x00000000000054c3                hrb_api
                0x0000000000005bbb                inthandler0c
                0x0000000000005c21                inthandler0d
                0x0000000000005c87                hrb_api_linewin
 .text          0x0000000000005dba      0x2ad file.obj
                0x0000000000005dba                file_readfat
                0x0000000000005e6c                file_loadfile
                0x0000000000005f12                file_search
 .text          0x0000000000006067      0x3d3 ../mylib/mystdio.obj
                0x0000000000006067                dec2asc
                0x0000000000006182                hex2asc
                0x0000000000006306                mysprintf
 .text          0x000000000000643a      0x1b4 ../mylib/mystring.obj
                0x000000000000643a                mystrcmp
                0x0000000000006518                mystrncmp

.data           0x0000000000310000     0x3b68 load address 0x00000000000065ee
 *(.data)
 .data          0x0000000000310000      0x100 bootpack.obj
 .data          0x0000000000310100     0x1000 hankaku.obj
                0x0000000000310100                hankaku
 .data          0x0000000000311100      0x140 graphic.obj
 .data          0x0000000000311240        0x0 dsctbl.obj
 .data          0x0000000000311240        0x0 int.obj
 .data          0x0000000000311240        0x0 fifo.obj
 .data          0x0000000000311240        0x0 keyboard.obj
 .data          0x0000000000311240        0x0 mouse.obj
 .data          0x0000000000311240        0x0 memory.obj
 .data          0x0000000000311240        0x0 sheet.obj
 .data          0x0000000000311240        0x0 timer.obj
 .data          0x0000000000311240        0x0 mtask.obj
 .data          0x0000000000311240       0xe0 window.obj
 .data          0x0000000000311320        0x0 console.obj
 .data          0x0000000000311320        0x0 file.obj
 .data          0x0000000000311320        0x0 ../mylib/mystdio.obj
 .data          0x0000000000311320        0x0 ../mylib/mystring.obj
 *(.rodata*)
 .rodata        0x0000000000311320       0x28 bootpack.obj
 .rodata        0x0000000000311348       0xe5 console.obj
 *(.bss)
 .bss           0x000000000031142d        0x0 bootpack.obj
 .bss           0x000000000031142d        0x0 hankaku.obj
 .bss           0x000000000031142d        0x0 graphic.obj
 .bss           0x000000000031142d        0x0 dsctbl.obj
 .bss           0x000000000031142d        0x0 int.obj
 .bss           0x000000000031142d        0x0 fifo.obj
 *fill*         0x000000000031142d        0x3 
 .bss           0x0000000000311430        0x8 keyboard.obj
                0x0000000000311430                keyfifo
                0x0000000000311434                keydata0
 .bss           0x0000000000311438        0x8 mouse.obj
                0x0000000000311438                mousefifo
                0x000000000031143c                mousedata0
 .bss           0x0000000000311440        0x0 memory.obj
 .bss           0x0000000000311440        0x0 sheet.obj
 .bss           0x0000000000311440     0x2720 timer.obj
                0x0000000000311440                timerctl
 .bss           0x0000000000313b60        0x8 mtask.obj
                0x0000000000313b60                taskctl
                0x0000000000313b64                task_timer
 .bss           0x0000000000313b68        0x0 window.obj
 .bss           0x0000000000313b68        0x0 console.obj
 .bss           0x0000000000313b68        0x0 file.obj
 .bss           0x0000000000313b68        0x0 ../mylib/mystdio.obj
 .bss           0x0000000000313b68        0x0 ../mylib/mystring.obj

/DISCARD/
 *(.eh_frame)
OUTPUT(bootpack.hrb binary)

.comment        0x0000000000000000      0x143
 .comment       0x0000000000000000       0x13 bootpack.obj
 .comment       0x0000000000000013       0x13 hankaku.obj
 .comment       0x0000000000000026       0x13 graphic.obj
 .comment       0x0000000000000039       0x13 dsctbl.obj
 .comment       0x000000000000004c       0x13 int.obj
 .comment       0x000000000000005f       0x13 fifo.obj
 .comment       0x0000000000000072       0x13 keyboard.obj
 .comment       0x0000000000000085       0x13 mouse.obj
 .comment       0x0000000000000098       0x13 memory.obj
 .comment       0x00000000000000ab       0x13 sheet.obj
 .comment       0x00000000000000be       0x13 timer.obj
 .comment       0x00000000000000d1       0x13 mtask.obj
 .comment       0x00000000000000e4       0x13 window.obj
 .comment       0x00000000000000f7       0x13 console.obj
 .comment       0x000000000000010a       0x13 file.obj
 .comment       0x000000000000011d       0x13 ../mylib/mystdio.obj
 .comment       0x0000000000000130       0x13 ../mylib/mystring.obj
