
Memory Configuration

Name             Origin             Length             Attributes
*default*        0x0000000000000000 0xffffffffffffffff

Linker script and memory map

LOAD nasmfunc.obj
LOAD bootpack.obj
LOAD console.obj
LOAD dsctbl.obj
LOAD fifo.obj
LOAD file.obj
LOAD graphic.obj
LOAD hankaku.obj
LOAD int.obj
LOAD keyboard.obj
LOAD memory.obj
LOAD mouse.obj
LOAD mtask.obj
LOAD mystdio.obj
LOAD mystring.obj
LOAD sheet.obj
LOAD timer.obj
LOAD window.obj

.head           0x0000000000000000       0x24
                0x0000000000000000        0x4 LONG 0x10000
                0x0000000000000004        0x4 LONG 0x69726148
                0x0000000000000008        0x4 LONG 0x0
                0x000000000000000c        0x4 LONG 0x310000
                0x0000000000000010        0x4 LONG 0x3ae0 SIZEOF (.data)
                0x0000000000000014        0x4 LONG 0x4aca LOADADDR (.data)
                0x0000000000000018        0x4 LONG 0xe9000000
                0x000000000000001c        0x4 LONG 0x152 (HariMain - 0x20)
                0x0000000000000020        0x4 LONG 0x0

.text           0x0000000000000030     0x4a9a
 *(.text)
 .text          0x0000000000000030      0x142 nasmfunc.obj
                0x0000000000000030                io_hlt
                0x0000000000000032                io_cli
                0x0000000000000034                io_sti
                0x0000000000000036                io_stihlt
                0x0000000000000039                io_in8
                0x0000000000000044                io_in16
                0x0000000000000050                io_in32
                0x0000000000000056                io_out8
                0x0000000000000060                io_out16
                0x000000000000006c                io_out32
                0x0000000000000076                io_load_eflags
                0x0000000000000079                io_store_eflags
                0x0000000000000080                load_gdtr
                0x0000000000000090                load_idtr
                0x00000000000000a0                load_cr0
                0x00000000000000a4                store_cr0
                0x00000000000000ac                load_tr
                0x00000000000000b2                asm_inthandler20
                0x00000000000000c9                asm_inthandler21
                0x00000000000000e0                asm_inthandler27
                0x00000000000000f7                asm_inthandler2c
                0x000000000000010e                memtest_sub
                0x0000000000000150                farjmp
                0x0000000000000155                farcall
                0x000000000000015a                asm_cons_putchar
 .text          0x0000000000000172      0xb1d bootpack.obj
                0x0000000000000172                HariMain
 .text          0x0000000000000c8f      0xb5c console.obj
                0x0000000000000c8f                console_task
                0x000000000000100f                cons_putchar
                0x0000000000001116                cons_newline
                0x000000000000121b                cons_runcmd
                0x000000000000134b                cmd_mem
                0x0000000000001410                cmd_cls
                0x000000000000148e                cmd_dir
                0x00000000000015c2                cmd_type
                0x00000000000016d4                cmd_hlt
 .text          0x00000000000017eb      0x22b dsctbl.obj
                0x00000000000017eb                init_gdtidt
                0x0000000000001960                set_segmdesc
                0x00000000000019d7                set_gatedesc
 .text          0x0000000000001a16      0x17c fifo.obj
                0x0000000000001a16                fifo32_init
                0x0000000000001a5d                fifo32_put
                0x0000000000001b0c                fifo32_get
                0x0000000000001b7d                fifo32_status
 .text          0x0000000000001b92      0x2ad file.obj
                0x0000000000001b92                file_readfat
                0x0000000000001c44                file_loadfile
                0x0000000000001cea                file_search
 .text          0x0000000000001e3f      0x5d4 graphic.obj
                0x0000000000001e3f                init_palette
                0x0000000000001e5e                set_palette
                0x0000000000001f1e                boxfill8
                0x0000000000001f6f                init_screen
                0x000000000000218c                putfont8
                0x0000000000002287                putfonts8_asc
                0x00000000000022d5                init_mouse_cursor8
                0x00000000000023a7                putblock8_8
 .text          0x0000000000002413        0x0 hankaku.obj
 .text          0x0000000000002413       0xf7 int.obj
                0x0000000000002413                init_pic
                0x00000000000024f0                inthandler27
 .text          0x000000000000250a       0xac keyboard.obj
                0x000000000000250a                inthandler21
                0x0000000000002551                wait_KBC_sendready
                0x0000000000002573                init_keyboard
 .text          0x00000000000025b6      0x4b3 memory.obj
                0x00000000000025b6                memtest
                0x000000000000266f                memman_init
                0x000000000000269c                memman_total
                0x00000000000026d6                memman_alloc
                0x00000000000027bd                memman_free
                0x0000000000002a0a                memman_alloc_4k
                0x0000000000002a38                memman_free_4k
 .text          0x0000000000002a69      0x1ea mouse.obj
                0x0000000000002a69                inthandler2c
                0x0000000000002ac2                enable_mouse
                0x0000000000002b12                mouse_decode
 .text          0x0000000000002c53      0x704 mtask.obj
                0x0000000000002c53                task_now
                0x0000000000002c99                task_add
                0x0000000000002cf8                task_remove
                0x0000000000002dc9                task_switchsub
                0x0000000000002e2a                task_idle
                0x0000000000002e37                task_init
                0x000000000000307d                task_alloc
                0x00000000000031a0                task_run
                0x000000000000320f                task_sleep
                0x0000000000003261                task_switch
 .text          0x0000000000003357      0x3d3 mystdio.obj
                0x0000000000003357                dec2asc
                0x0000000000003472                hex2asc
                0x00000000000035f6                mysprintf
 .text          0x000000000000372a      0x1b4 mystring.obj
                0x000000000000372a                mystrcmp
                0x0000000000003808                mystrncmp
 .text          0x00000000000038de      0xa45 sheet.obj
                0x00000000000038de                shtctl_init
                0x00000000000039c2                sheet_alloc
                0x0000000000003a3a                sheet_setbuf
                0x0000000000003a63                sheet_refreshmap
                0x0000000000003c28                sheet_refreshsub
                0x0000000000003e09                sheet_updown
                0x0000000000004176                sheet_refresh
                0x00000000000041e7                sheet_slide
                0x00000000000042fa                sheet_free
 .text          0x0000000000004323      0x2ae timer.obj
                0x0000000000004323                init_pit
                0x00000000000043cc                timer_alloc
                0x0000000000004437                timer_free
                0x0000000000004447                timer_init
                0x0000000000004461                timer_settime
                0x000000000000451b                inthandler20
 .text          0x00000000000045d1      0x4f9 window.obj
                0x00000000000045d1                make_window8
                0x000000000000473d                make_wtitle8
                0x000000000000482c                putfonts8_asc_sht
                0x00000000000048cb                make_textbox8

.data           0x0000000000310000     0x3ae0 load address 0x0000000000004aca
 *(.data)
 .data          0x0000000000310000      0x100 bootpack.obj
 .data          0x0000000000310100        0x0 console.obj
 .data          0x0000000000310100        0x0 dsctbl.obj
 .data          0x0000000000310100        0x0 fifo.obj
 .data          0x0000000000310100        0x0 file.obj
 .data          0x0000000000310100      0x140 graphic.obj
 .data          0x0000000000310240     0x1000 hankaku.obj
                0x0000000000310240                hankaku
 .data          0x0000000000311240        0x0 int.obj
 .data          0x0000000000311240        0x0 keyboard.obj
 .data          0x0000000000311240        0x0 memory.obj
 .data          0x0000000000311240        0x0 mouse.obj
 .data          0x0000000000311240        0x0 mtask.obj
 .data          0x0000000000311240        0x0 mystdio.obj
 .data          0x0000000000311240        0x0 mystring.obj
 .data          0x0000000000311240        0x0 sheet.obj
 .data          0x0000000000311240        0x0 timer.obj
 .data          0x0000000000311240       0xe0 window.obj
 *(.rodata*)
 .rodata        0x0000000000311320       0x11 bootpack.obj
 .rodata        0x0000000000311331       0x68 console.obj
 *(.bss)
 .bss           0x0000000000311399        0x0 bootpack.obj
 .bss           0x0000000000311399        0x0 console.obj
 .bss           0x0000000000311399        0x0 dsctbl.obj
 .bss           0x0000000000311399        0x0 fifo.obj
 .bss           0x0000000000311399        0x0 file.obj
 .bss           0x0000000000311399        0x0 graphic.obj
 .bss           0x0000000000311399        0x0 hankaku.obj
 .bss           0x0000000000311399        0x0 int.obj
 *fill*         0x0000000000311399        0x3 
 .bss           0x000000000031139c        0x8 keyboard.obj
                0x000000000031139c                keyfifo
                0x00000000003113a0                keydata0
 .bss           0x00000000003113a4        0x0 memory.obj
 .bss           0x00000000003113a4        0x8 mouse.obj
                0x00000000003113a4                mousefifo
                0x00000000003113a8                mousedata0
 .bss           0x00000000003113ac        0x8 mtask.obj
                0x00000000003113ac                taskctl
                0x00000000003113b0                task_timer
 .bss           0x00000000003113b4        0x0 mystdio.obj
 .bss           0x00000000003113b4        0x0 mystring.obj
 .bss           0x00000000003113b4        0x0 sheet.obj
 *fill*         0x00000000003113b4        0xc 
 .bss           0x00000000003113c0     0x2720 timer.obj
                0x00000000003113c0                timerctl
 .bss           0x0000000000313ae0        0x0 window.obj

/DISCARD/
 *(.eh_frame)
OUTPUT(bootpack.hrb binary)

.comment        0x0000000000000000      0x143
 .comment       0x0000000000000000       0x13 bootpack.obj
 .comment       0x0000000000000013       0x13 console.obj
 .comment       0x0000000000000026       0x13 dsctbl.obj
 .comment       0x0000000000000039       0x13 fifo.obj
 .comment       0x000000000000004c       0x13 file.obj
 .comment       0x000000000000005f       0x13 graphic.obj
 .comment       0x0000000000000072       0x13 hankaku.obj
 .comment       0x0000000000000085       0x13 int.obj
 .comment       0x0000000000000098       0x13 keyboard.obj
 .comment       0x00000000000000ab       0x13 memory.obj
 .comment       0x00000000000000be       0x13 mouse.obj
 .comment       0x00000000000000d1       0x13 mtask.obj
 .comment       0x00000000000000e4       0x13 mystdio.obj
 .comment       0x00000000000000f7       0x13 mystring.obj
 .comment       0x000000000000010a       0x13 sheet.obj
 .comment       0x000000000000011d       0x13 timer.obj
 .comment       0x0000000000000130       0x13 window.obj
