
Memory Configuration

Name             Origin             Length             Attributes
*default*        0x0000000000000000 0xffffffffffffffff

Linker script and memory map

LOAD nasmfunc.obj
LOAD bootpack.obj
LOAD console.obj
LOAD dsctbl.obj
LOAD fifo.obj
LOAD file.obj
LOAD graphic.obj
LOAD hankaku.obj
LOAD int.obj
LOAD keyboard.obj
LOAD memory.obj
LOAD mouse.obj
LOAD mtask.obj
LOAD mystdio.obj
LOAD mystring.obj
LOAD sheet.obj
LOAD timer.obj
LOAD window.obj

.head           0x0000000000000000       0x24
                0x0000000000000000        0x4 LONG 0x10000
                0x0000000000000004        0x4 LONG 0x69726148
                0x0000000000000008        0x4 LONG 0x0
                0x000000000000000c        0x4 LONG 0x310000
                0x0000000000000010        0x4 LONG 0x3ae0 SIZEOF (.data)
                0x0000000000000014        0x4 LONG 0x4b34 LOADADDR (.data)
                0x0000000000000018        0x4 LONG 0xe9000000
                0x000000000000001c        0x4 LONG 0x154 (HariMain - 0x20)
                0x0000000000000020        0x4 LONG 0x0

.text           0x0000000000000030     0x4b04
 *(.text)
 .text          0x0000000000000030      0x144 nasmfunc.obj
                0x0000000000000030                io_hlt
                0x0000000000000032                io_cli
                0x0000000000000034                io_sti
                0x0000000000000036                io_stihlt
                0x0000000000000039                io_in8
                0x0000000000000044                io_in16
                0x0000000000000050                io_in32
                0x0000000000000056                io_out8
                0x0000000000000060                io_out16
                0x000000000000006c                io_out32
                0x0000000000000076                io_load_eflags
                0x0000000000000079                io_store_eflags
                0x0000000000000080                load_gdtr
                0x0000000000000090                load_idtr
                0x00000000000000a0                load_cr0
                0x00000000000000a4                store_cr0
                0x00000000000000ac                load_tr
                0x00000000000000b2                asm_inthandler20
                0x00000000000000c9                asm_inthandler21
                0x00000000000000e0                asm_inthandler27
                0x00000000000000f7                asm_inthandler2c
                0x000000000000010e                memtest_sub
                0x0000000000000150                farjmp
                0x0000000000000155                farcall
                0x000000000000015a                asm_cons_putchar
 .text          0x0000000000000174      0xb1d bootpack.obj
                0x0000000000000174                HariMain
 .text          0x0000000000000c91      0xbc4 console.obj
                0x0000000000000c91                console_task
                0x0000000000001011                cons_putchar
                0x0000000000001118                cons_newline
                0x000000000000121d                cons_runcmd
                0x000000000000133b                cmd_mem
                0x0000000000001400                cmd_cls
                0x000000000000147e                cmd_dir
                0x00000000000015b2                cmd_type
                0x00000000000016c4                cmd_app
 .text          0x0000000000001855      0x22b dsctbl.obj
                0x0000000000001855                init_gdtidt
                0x00000000000019ca                set_segmdesc
                0x0000000000001a41                set_gatedesc
 .text          0x0000000000001a80      0x17c fifo.obj
                0x0000000000001a80                fifo32_init
                0x0000000000001ac7                fifo32_put
                0x0000000000001b76                fifo32_get
                0x0000000000001be7                fifo32_status
 .text          0x0000000000001bfc      0x2ad file.obj
                0x0000000000001bfc                file_readfat
                0x0000000000001cae                file_loadfile
                0x0000000000001d54                file_search
 .text          0x0000000000001ea9      0x5d4 graphic.obj
                0x0000000000001ea9                init_palette
                0x0000000000001ec8                set_palette
                0x0000000000001f88                boxfill8
                0x0000000000001fd9                init_screen
                0x00000000000021f6                putfont8
                0x00000000000022f1                putfonts8_asc
                0x000000000000233f                init_mouse_cursor8
                0x0000000000002411                putblock8_8
 .text          0x000000000000247d        0x0 hankaku.obj
 .text          0x000000000000247d       0xf7 int.obj
                0x000000000000247d                init_pic
                0x000000000000255a                inthandler27
 .text          0x0000000000002574       0xac keyboard.obj
                0x0000000000002574                inthandler21
                0x00000000000025bb                wait_KBC_sendready
                0x00000000000025dd                init_keyboard
 .text          0x0000000000002620      0x4b3 memory.obj
                0x0000000000002620                memtest
                0x00000000000026d9                memman_init
                0x0000000000002706                memman_total
                0x0000000000002740                memman_alloc
                0x0000000000002827                memman_free
                0x0000000000002a74                memman_alloc_4k
                0x0000000000002aa2                memman_free_4k
 .text          0x0000000000002ad3      0x1ea mouse.obj
                0x0000000000002ad3                inthandler2c
                0x0000000000002b2c                enable_mouse
                0x0000000000002b7c                mouse_decode
 .text          0x0000000000002cbd      0x704 mtask.obj
                0x0000000000002cbd                task_now
                0x0000000000002d03                task_add
                0x0000000000002d62                task_remove
                0x0000000000002e33                task_switchsub
                0x0000000000002e94                task_idle
                0x0000000000002ea1                task_init
                0x00000000000030e7                task_alloc
                0x000000000000320a                task_run
                0x0000000000003279                task_sleep
                0x00000000000032cb                task_switch
 .text          0x00000000000033c1      0x3d3 mystdio.obj
                0x00000000000033c1                dec2asc
                0x00000000000034dc                hex2asc
                0x0000000000003660                mysprintf
 .text          0x0000000000003794      0x1b4 mystring.obj
                0x0000000000003794                mystrcmp
                0x0000000000003872                mystrncmp
 .text          0x0000000000003948      0xa45 sheet.obj
                0x0000000000003948                shtctl_init
                0x0000000000003a2c                sheet_alloc
                0x0000000000003aa4                sheet_setbuf
                0x0000000000003acd                sheet_refreshmap
                0x0000000000003c92                sheet_refreshsub
                0x0000000000003e73                sheet_updown
                0x00000000000041e0                sheet_refresh
                0x0000000000004251                sheet_slide
                0x0000000000004364                sheet_free
 .text          0x000000000000438d      0x2ae timer.obj
                0x000000000000438d                init_pit
                0x0000000000004436                timer_alloc
                0x00000000000044a1                timer_free
                0x00000000000044b1                timer_init
                0x00000000000044cb                timer_settime
                0x0000000000004585                inthandler20
 .text          0x000000000000463b      0x4f9 window.obj
                0x000000000000463b                make_window8
                0x00000000000047a7                make_wtitle8
                0x0000000000004896                putfonts8_asc_sht
                0x0000000000004935                make_textbox8

.data           0x0000000000310000     0x3ae0 load address 0x0000000000004b34
 *(.data)
 .data          0x0000000000310000      0x100 bootpack.obj
 .data          0x0000000000310100        0x0 console.obj
 .data          0x0000000000310100        0x0 dsctbl.obj
 .data          0x0000000000310100        0x0 fifo.obj
 .data          0x0000000000310100        0x0 file.obj
 .data          0x0000000000310100      0x140 graphic.obj
 .data          0x0000000000310240     0x1000 hankaku.obj
                0x0000000000310240                hankaku
 .data          0x0000000000311240        0x0 int.obj
 .data          0x0000000000311240        0x0 keyboard.obj
 .data          0x0000000000311240        0x0 memory.obj
 .data          0x0000000000311240        0x0 mouse.obj
 .data          0x0000000000311240        0x0 mtask.obj
 .data          0x0000000000311240        0x0 mystdio.obj
 .data          0x0000000000311240        0x0 mystring.obj
 .data          0x0000000000311240        0x0 sheet.obj
 .data          0x0000000000311240        0x0 timer.obj
 .data          0x0000000000311240       0xe0 window.obj
 *(.rodata*)
 .rodata        0x0000000000311320       0x11 bootpack.obj
 .rodata        0x0000000000311331       0x5c console.obj
 *(.bss)
 .bss           0x000000000031138d        0x0 bootpack.obj
 .bss           0x000000000031138d        0x0 console.obj
 .bss           0x000000000031138d        0x0 dsctbl.obj
 .bss           0x000000000031138d        0x0 fifo.obj
 .bss           0x000000000031138d        0x0 file.obj
 .bss           0x000000000031138d        0x0 graphic.obj
 .bss           0x000000000031138d        0x0 hankaku.obj
 .bss           0x000000000031138d        0x0 int.obj
 *fill*         0x000000000031138d        0x3 
 .bss           0x0000000000311390        0x8 keyboard.obj
                0x0000000000311390                keyfifo
                0x0000000000311394                keydata0
 .bss           0x0000000000311398        0x0 memory.obj
 .bss           0x0000000000311398        0x8 mouse.obj
                0x0000000000311398                mousefifo
                0x000000000031139c                mousedata0
 .bss           0x00000000003113a0        0x8 mtask.obj
                0x00000000003113a0                taskctl
                0x00000000003113a4                task_timer
 .bss           0x00000000003113a8        0x0 mystdio.obj
 .bss           0x00000000003113a8        0x0 mystring.obj
 .bss           0x00000000003113a8        0x0 sheet.obj
 *fill*         0x00000000003113a8       0x18 
 .bss           0x00000000003113c0     0x2720 timer.obj
                0x00000000003113c0                timerctl
 .bss           0x0000000000313ae0        0x0 window.obj

/DISCARD/
 *(.eh_frame)
OUTPUT(bootpack.hrb binary)

.comment        0x0000000000000000      0x143
 .comment       0x0000000000000000       0x13 bootpack.obj
 .comment       0x0000000000000013       0x13 console.obj
 .comment       0x0000000000000026       0x13 dsctbl.obj
 .comment       0x0000000000000039       0x13 fifo.obj
 .comment       0x000000000000004c       0x13 file.obj
 .comment       0x000000000000005f       0x13 graphic.obj
 .comment       0x0000000000000072       0x13 hankaku.obj
 .comment       0x0000000000000085       0x13 int.obj
 .comment       0x0000000000000098       0x13 keyboard.obj
 .comment       0x00000000000000ab       0x13 memory.obj
 .comment       0x00000000000000be       0x13 mouse.obj
 .comment       0x00000000000000d1       0x13 mtask.obj
 .comment       0x00000000000000e4       0x13 mystdio.obj
 .comment       0x00000000000000f7       0x13 mystring.obj
 .comment       0x000000000000010a       0x13 sheet.obj
 .comment       0x000000000000011d       0x13 timer.obj
 .comment       0x0000000000000130       0x13 window.obj
