
Memory Configuration

Name             Origin             Length             Attributes
*default*        0x0000000000000000 0xffffffffffffffff

Linker script and memory map

LOAD nasmfunc.obj
LOAD bootpack.obj
LOAD console.obj
LOAD dsctbl.obj
LOAD fifo.obj
LOAD file.obj
LOAD graphic.obj
LOAD hankaku.obj
LOAD int.obj
LOAD keyboard.obj
LOAD memory.obj
LOAD mouse.obj
LOAD mtask.obj
LOAD mystdio.obj
LOAD mystring.obj
LOAD sheet.obj
LOAD timer.obj
LOAD window.obj

.head           0x0000000000000000       0x24
                0x0000000000000000        0x4 LONG 0x10000
                0x0000000000000004        0x4 LONG 0x69726148
                0x0000000000000008        0x4 LONG 0x0
                0x000000000000000c        0x4 LONG 0x310000
                0x0000000000000010        0x4 LONG 0x3ae0 SIZEOF (.data)
                0x0000000000000014        0x4 LONG 0x4b17 LOADADDR (.data)
                0x0000000000000018        0x4 LONG 0xe9000000
                0x000000000000001c        0x4 LONG 0x147 (HariMain - 0x20)
                0x0000000000000020        0x4 LONG 0x0

.text           0x0000000000000030     0x4ae7
 *(.text)
 .text          0x0000000000000030      0x137 nasmfunc.obj
                0x0000000000000030                io_hlt
                0x0000000000000032                io_cli
                0x0000000000000034                io_sti
                0x0000000000000036                io_stihlt
                0x0000000000000039                io_in8
                0x0000000000000044                io_in16
                0x0000000000000050                io_in32
                0x0000000000000056                io_out8
                0x0000000000000060                io_out16
                0x000000000000006c                io_out32
                0x0000000000000076                io_load_eflags
                0x0000000000000079                io_store_eflags
                0x0000000000000080                load_gdtr
                0x0000000000000090                load_idtr
                0x00000000000000a0                load_cr0
                0x00000000000000a4                store_cr0
                0x00000000000000ac                load_tr
                0x00000000000000b2                asm_inthandler20
                0x00000000000000c9                asm_inthandler21
                0x00000000000000e0                asm_inthandler27
                0x00000000000000f7                asm_inthandler2c
                0x000000000000010e                memtest_sub
                0x0000000000000150                farjmp
                0x0000000000000155                farcall
                0x000000000000015a                asm_hrb_api
 .text          0x0000000000000167      0xb1d bootpack.obj
                0x0000000000000167                HariMain
 .text          0x0000000000000c84      0xbb4 console.obj
                0x0000000000000c84                console_task
                0x0000000000001004                cons_putchar
                0x000000000000110b                cons_newline
                0x0000000000001210                cons_putstr0
                0x0000000000001242                cons_putstr1
                0x000000000000127f                cons_runcmd
                0x000000000000136c                cmd_mem
                0x00000000000013bc                cmd_cls
                0x000000000000143a                cmd_dir
                0x000000000000154e                cmd_type
                0x000000000000161d                cmd_app
                0x00000000000017b8                hrb_api
 .text          0x0000000000001838      0x22b dsctbl.obj
                0x0000000000001838                init_gdtidt
                0x00000000000019ad                set_segmdesc
                0x0000000000001a24                set_gatedesc
 .text          0x0000000000001a63      0x17c fifo.obj
                0x0000000000001a63                fifo32_init
                0x0000000000001aaa                fifo32_put
                0x0000000000001b59                fifo32_get
                0x0000000000001bca                fifo32_status
 .text          0x0000000000001bdf      0x2ad file.obj
                0x0000000000001bdf                file_readfat
                0x0000000000001c91                file_loadfile
                0x0000000000001d37                file_search
 .text          0x0000000000001e8c      0x5d4 graphic.obj
                0x0000000000001e8c                init_palette
                0x0000000000001eab                set_palette
                0x0000000000001f6b                boxfill8
                0x0000000000001fbc                init_screen
                0x00000000000021d9                putfont8
                0x00000000000022d4                putfonts8_asc
                0x0000000000002322                init_mouse_cursor8
                0x00000000000023f4                putblock8_8
 .text          0x0000000000002460        0x0 hankaku.obj
 .text          0x0000000000002460       0xf7 int.obj
                0x0000000000002460                init_pic
                0x000000000000253d                inthandler27
 .text          0x0000000000002557       0xac keyboard.obj
                0x0000000000002557                inthandler21
                0x000000000000259e                wait_KBC_sendready
                0x00000000000025c0                init_keyboard
 .text          0x0000000000002603      0x4b3 memory.obj
                0x0000000000002603                memtest
                0x00000000000026bc                memman_init
                0x00000000000026e9                memman_total
                0x0000000000002723                memman_alloc
                0x000000000000280a                memman_free
                0x0000000000002a57                memman_alloc_4k
                0x0000000000002a85                memman_free_4k
 .text          0x0000000000002ab6      0x1ea mouse.obj
                0x0000000000002ab6                inthandler2c
                0x0000000000002b0f                enable_mouse
                0x0000000000002b5f                mouse_decode
 .text          0x0000000000002ca0      0x704 mtask.obj
                0x0000000000002ca0                task_now
                0x0000000000002ce6                task_add
                0x0000000000002d45                task_remove
                0x0000000000002e16                task_switchsub
                0x0000000000002e77                task_idle
                0x0000000000002e84                task_init
                0x00000000000030ca                task_alloc
                0x00000000000031ed                task_run
                0x000000000000325c                task_sleep
                0x00000000000032ae                task_switch
 .text          0x00000000000033a4      0x3d3 mystdio.obj
                0x00000000000033a4                dec2asc
                0x00000000000034bf                hex2asc
                0x0000000000003643                mysprintf
 .text          0x0000000000003777      0x1b4 mystring.obj
                0x0000000000003777                mystrcmp
                0x0000000000003855                mystrncmp
 .text          0x000000000000392b      0xa45 sheet.obj
                0x000000000000392b                shtctl_init
                0x0000000000003a0f                sheet_alloc
                0x0000000000003a87                sheet_setbuf
                0x0000000000003ab0                sheet_refreshmap
                0x0000000000003c75                sheet_refreshsub
                0x0000000000003e56                sheet_updown
                0x00000000000041c3                sheet_refresh
                0x0000000000004234                sheet_slide
                0x0000000000004347                sheet_free
 .text          0x0000000000004370      0x2ae timer.obj
                0x0000000000004370                init_pit
                0x0000000000004419                timer_alloc
                0x0000000000004484                timer_free
                0x0000000000004494                timer_init
                0x00000000000044ae                timer_settime
                0x0000000000004568                inthandler20
 .text          0x000000000000461e      0x4f9 window.obj
                0x000000000000461e                make_window8
                0x000000000000478a                make_wtitle8
                0x0000000000004879                putfonts8_asc_sht
                0x0000000000004918                make_textbox8

.data           0x0000000000310000     0x3ae0 load address 0x0000000000004b17
 *(.data)
 .data          0x0000000000310000      0x100 bootpack.obj
 .data          0x0000000000310100        0x0 console.obj
 .data          0x0000000000310100        0x0 dsctbl.obj
 .data          0x0000000000310100        0x0 fifo.obj
 .data          0x0000000000310100        0x0 file.obj
 .data          0x0000000000310100      0x140 graphic.obj
 .data          0x0000000000310240     0x1000 hankaku.obj
                0x0000000000310240                hankaku
 .data          0x0000000000311240        0x0 int.obj
 .data          0x0000000000311240        0x0 keyboard.obj
 .data          0x0000000000311240        0x0 memory.obj
 .data          0x0000000000311240        0x0 mouse.obj
 .data          0x0000000000311240        0x0 mtask.obj
 .data          0x0000000000311240        0x0 mystdio.obj
 .data          0x0000000000311240        0x0 mystring.obj
 .data          0x0000000000311240        0x0 sheet.obj
 .data          0x0000000000311240        0x0 timer.obj
 .data          0x0000000000311240       0xe0 window.obj
 *(.rodata*)
 .rodata        0x0000000000311320       0x11 bootpack.obj
 .rodata        0x0000000000311331       0x62 console.obj
 *(.bss)
 .bss           0x0000000000311393        0x0 bootpack.obj
 .bss           0x0000000000311393        0x0 console.obj
 .bss           0x0000000000311393        0x0 dsctbl.obj
 .bss           0x0000000000311393        0x0 fifo.obj
 .bss           0x0000000000311393        0x0 file.obj
 .bss           0x0000000000311393        0x0 graphic.obj
 .bss           0x0000000000311393        0x0 hankaku.obj
 .bss           0x0000000000311393        0x0 int.obj
 *fill*         0x0000000000311393        0x1 
 .bss           0x0000000000311394        0x8 keyboard.obj
                0x0000000000311394                keyfifo
                0x0000000000311398                keydata0
 .bss           0x000000000031139c        0x0 memory.obj
 .bss           0x000000000031139c        0x8 mouse.obj
                0x000000000031139c                mousefifo
                0x00000000003113a0                mousedata0
 .bss           0x00000000003113a4        0x8 mtask.obj
                0x00000000003113a4                taskctl
                0x00000000003113a8                task_timer
 .bss           0x00000000003113ac        0x0 mystdio.obj
 .bss           0x00000000003113ac        0x0 mystring.obj
 .bss           0x00000000003113ac        0x0 sheet.obj
 *fill*         0x00000000003113ac       0x14 
 .bss           0x00000000003113c0     0x2720 timer.obj
                0x00000000003113c0                timerctl
 .bss           0x0000000000313ae0        0x0 window.obj

/DISCARD/
 *(.eh_frame)
OUTPUT(bootpack.hrb binary)

.comment        0x0000000000000000      0x143
 .comment       0x0000000000000000       0x13 bootpack.obj
 .comment       0x0000000000000013       0x13 console.obj
 .comment       0x0000000000000026       0x13 dsctbl.obj
 .comment       0x0000000000000039       0x13 fifo.obj
 .comment       0x000000000000004c       0x13 file.obj
 .comment       0x000000000000005f       0x13 graphic.obj
 .comment       0x0000000000000072       0x13 hankaku.obj
 .comment       0x0000000000000085       0x13 int.obj
 .comment       0x0000000000000098       0x13 keyboard.obj
 .comment       0x00000000000000ab       0x13 memory.obj
 .comment       0x00000000000000be       0x13 mouse.obj
 .comment       0x00000000000000d1       0x13 mtask.obj
 .comment       0x00000000000000e4       0x13 mystdio.obj
 .comment       0x00000000000000f7       0x13 mystring.obj
 .comment       0x000000000000010a       0x13 sheet.obj
 .comment       0x000000000000011d       0x13 timer.obj
 .comment       0x0000000000000130       0x13 window.obj
