
Memory Configuration

Name             Origin             Length             Attributes
*default*        0x0000000000000000 0xffffffffffffffff

Linker script and memory map

LOAD bootpack.obj
LOAD nasmfunc.obj
LOAD hankaku.obj
LOAD mystdio.obj
LOAD mystring.obj
LOAD graphic.obj
LOAD dsctbl.obj
LOAD int.obj
LOAD fifo.obj
LOAD keyboard.obj
LOAD mouse.obj
LOAD memory.obj
LOAD sheet.obj
LOAD timer.obj
LOAD mtask.obj
LOAD window.obj
LOAD console.obj
LOAD file.obj

.head           0x0000000000000000       0x24
                0x0000000000000000        0x4 LONG 0x10000
                0x0000000000000004        0x4 LONG 0x69726148
                0x0000000000000008        0x4 LONG 0x0
                0x000000000000000c        0x4 LONG 0x310000
                0x0000000000000010        0x4 LONG 0x3ae8 SIZEOF (.data)
                0x0000000000000014        0x4 LONG 0x4b73 LOADADDR (.data)
                0x0000000000000018        0x4 LONG 0xe9000000
                0x000000000000001c        0x4 LONG 0x10 (HariMain - 0x20)
                0x0000000000000020        0x4 LONG 0x0

.text           0x0000000000000030     0x4b43
 *(.text)
 .text          0x0000000000000030      0xb1d bootpack.obj
                0x0000000000000030                HariMain
 *fill*         0x0000000000000b4d        0x3 
 .text          0x0000000000000b50      0x137 nasmfunc.obj
                0x0000000000000b50                io_hlt
                0x0000000000000b52                io_cli
                0x0000000000000b54                io_sti
                0x0000000000000b56                io_stihlt
                0x0000000000000b59                io_in8
                0x0000000000000b64                io_in16
                0x0000000000000b70                io_in32
                0x0000000000000b76                io_out8
                0x0000000000000b80                io_out16
                0x0000000000000b8c                io_out32
                0x0000000000000b96                io_load_eflags
                0x0000000000000b99                io_store_eflags
                0x0000000000000ba0                load_gdtr
                0x0000000000000bb0                load_idtr
                0x0000000000000bc0                load_cr0
                0x0000000000000bc4                store_cr0
                0x0000000000000bcc                load_tr
                0x0000000000000bd2                asm_inthandler20
                0x0000000000000be9                asm_inthandler21
                0x0000000000000c00                asm_inthandler27
                0x0000000000000c17                asm_inthandler2c
                0x0000000000000c2e                memtest_sub
                0x0000000000000c70                farjmp
                0x0000000000000c75                farcall
                0x0000000000000c7a                asm_hrb_api
 .text          0x0000000000000c87        0x0 hankaku.obj
 .text          0x0000000000000c87      0x3d3 mystdio.obj
                0x0000000000000c87                dec2asc
                0x0000000000000da2                hex2asc
                0x0000000000000f26                mysprintf
 .text          0x000000000000105a      0x1b4 mystring.obj
                0x000000000000105a                mystrcmp
                0x0000000000001138                mystrncmp
 .text          0x000000000000120e      0x5d4 graphic.obj
                0x000000000000120e                init_palette
                0x000000000000122d                set_palette
                0x00000000000012ed                boxfill8
                0x000000000000133e                init_screen
                0x000000000000155b                putfont8
                0x0000000000001656                putfonts8_asc
                0x00000000000016a4                init_mouse_cursor8
                0x0000000000001776                putblock8_8
 .text          0x00000000000017e2      0x22b dsctbl.obj
                0x00000000000017e2                init_gdtidt
                0x0000000000001957                set_segmdesc
                0x00000000000019ce                set_gatedesc
 .text          0x0000000000001a0d       0xf7 int.obj
                0x0000000000001a0d                init_pic
                0x0000000000001aea                inthandler27
 .text          0x0000000000001b04      0x17c fifo.obj
                0x0000000000001b04                fifo32_init
                0x0000000000001b4b                fifo32_put
                0x0000000000001bfa                fifo32_get
                0x0000000000001c6b                fifo32_status
 .text          0x0000000000001c80       0xac keyboard.obj
                0x0000000000001c80                inthandler21
                0x0000000000001cc7                wait_KBC_sendready
                0x0000000000001ce9                init_keyboard
 .text          0x0000000000001d2c      0x1ea mouse.obj
                0x0000000000001d2c                inthandler2c
                0x0000000000001d85                enable_mouse
                0x0000000000001dd5                mouse_decode
 .text          0x0000000000001f16      0x4b3 memory.obj
                0x0000000000001f16                memtest
                0x0000000000001fcf                memman_init
                0x0000000000001ffc                memman_total
                0x0000000000002036                memman_alloc
                0x000000000000211d                memman_free
                0x000000000000236a                memman_alloc_4k
                0x0000000000002398                memman_free_4k
 .text          0x00000000000023c9      0xa45 sheet.obj
                0x00000000000023c9                shtctl_init
                0x00000000000024ad                sheet_alloc
                0x0000000000002525                sheet_setbuf
                0x000000000000254e                sheet_refreshmap
                0x0000000000002713                sheet_refreshsub
                0x00000000000028f4                sheet_updown
                0x0000000000002c61                sheet_refresh
                0x0000000000002cd2                sheet_slide
                0x0000000000002de5                sheet_free
 .text          0x0000000000002e0e      0x2ae timer.obj
                0x0000000000002e0e                init_pit
                0x0000000000002eb7                timer_alloc
                0x0000000000002f22                timer_free
                0x0000000000002f32                timer_init
                0x0000000000002f4c                timer_settime
                0x0000000000003006                inthandler20
 .text          0x00000000000030bc      0x704 mtask.obj
                0x00000000000030bc                task_now
                0x0000000000003102                task_add
                0x0000000000003161                task_remove
                0x0000000000003232                task_switchsub
                0x0000000000003293                task_idle
                0x00000000000032a0                task_init
                0x00000000000034e6                task_alloc
                0x0000000000003609                task_run
                0x0000000000003678                task_sleep
                0x00000000000036ca                task_switch
 .text          0x00000000000037c0      0x4f9 window.obj
                0x00000000000037c0                make_window8
                0x000000000000392c                make_wtitle8
                0x0000000000003a1b                putfonts8_asc_sht
                0x0000000000003aba                make_textbox8
 .text          0x0000000000003cb9      0xc0d console.obj
                0x0000000000003cb9                console_task
                0x0000000000004039                cons_putchar
                0x0000000000004140                cons_newline
                0x0000000000004245                cons_putstr0
                0x0000000000004277                cons_putstr1
                0x00000000000042b4                cons_runcmd
                0x00000000000043a1                cmd_mem
                0x00000000000043f1                cmd_cls
                0x000000000000446f                cmd_dir
                0x0000000000004583                cmd_type
                0x0000000000004652                cmd_app
                0x0000000000004846                hrb_api
 .text          0x00000000000048c6      0x2ad file.obj
                0x00000000000048c6                file_readfat
                0x0000000000004978                file_loadfile
                0x0000000000004a1e                file_search

.data           0x0000000000310000     0x3ae8 load address 0x0000000000004b73
 *(.data)
 .data          0x0000000000310000      0x100 bootpack.obj
 .data          0x0000000000310100     0x1000 hankaku.obj
                0x0000000000310100                hankaku
 .data          0x0000000000311100        0x0 mystdio.obj
 .data          0x0000000000311100        0x0 mystring.obj
 .data          0x0000000000311100      0x140 graphic.obj
 .data          0x0000000000311240        0x0 dsctbl.obj
 .data          0x0000000000311240        0x0 int.obj
 .data          0x0000000000311240        0x0 fifo.obj
 .data          0x0000000000311240        0x0 keyboard.obj
 .data          0x0000000000311240        0x0 mouse.obj
 .data          0x0000000000311240        0x0 memory.obj
 .data          0x0000000000311240        0x0 sheet.obj
 .data          0x0000000000311240        0x0 timer.obj
 .data          0x0000000000311240        0x0 mtask.obj
 .data          0x0000000000311240       0xe0 window.obj
 .data          0x0000000000311320        0x0 console.obj
 .data          0x0000000000311320        0x0 file.obj
 *(.rodata*)
 .rodata        0x0000000000311320       0x11 bootpack.obj
 .rodata        0x0000000000311331       0x67 console.obj
 *(.bss)
 .bss           0x0000000000311398        0x0 bootpack.obj
 .bss           0x0000000000311398        0x0 hankaku.obj
 .bss           0x0000000000311398        0x0 mystdio.obj
 .bss           0x0000000000311398        0x0 mystring.obj
 .bss           0x0000000000311398        0x0 graphic.obj
 .bss           0x0000000000311398        0x0 dsctbl.obj
 .bss           0x0000000000311398        0x0 int.obj
 .bss           0x0000000000311398        0x0 fifo.obj
 .bss           0x0000000000311398        0x8 keyboard.obj
                0x0000000000311398                keyfifo
                0x000000000031139c                keydata0
 .bss           0x00000000003113a0        0x8 mouse.obj
                0x00000000003113a0                mousefifo
                0x00000000003113a4                mousedata0
 .bss           0x00000000003113a8        0x0 memory.obj
 .bss           0x00000000003113a8        0x0 sheet.obj
 *fill*         0x00000000003113a8       0x18 
 .bss           0x00000000003113c0     0x2720 timer.obj
                0x00000000003113c0                timerctl
 .bss           0x0000000000313ae0        0x8 mtask.obj
                0x0000000000313ae0                taskctl
                0x0000000000313ae4                task_timer
 .bss           0x0000000000313ae8        0x0 window.obj
 .bss           0x0000000000313ae8        0x0 console.obj
 .bss           0x0000000000313ae8        0x0 file.obj

/DISCARD/
 *(.eh_frame)
OUTPUT(bootpack.hrb binary)

.comment        0x0000000000000000      0x143
 .comment       0x0000000000000000       0x13 bootpack.obj
 .comment       0x0000000000000013       0x13 hankaku.obj
 .comment       0x0000000000000026       0x13 mystdio.obj
 .comment       0x0000000000000039       0x13 mystring.obj
 .comment       0x000000000000004c       0x13 graphic.obj
 .comment       0x000000000000005f       0x13 dsctbl.obj
 .comment       0x0000000000000072       0x13 int.obj
 .comment       0x0000000000000085       0x13 fifo.obj
 .comment       0x0000000000000098       0x13 keyboard.obj
 .comment       0x00000000000000ab       0x13 mouse.obj
 .comment       0x00000000000000be       0x13 memory.obj
 .comment       0x00000000000000d1       0x13 sheet.obj
 .comment       0x00000000000000e4       0x13 timer.obj
 .comment       0x00000000000000f7       0x13 mtask.obj
 .comment       0x000000000000010a       0x13 window.obj
 .comment       0x000000000000011d       0x13 console.obj
 .comment       0x0000000000000130       0x13 file.obj
